Warning: loading library to link with numpy returned an error
numpy.ndarray size changed, may indicate binary incompatibility. Expected 96 from C header, got 88 from PyObject
['10-14_out.csv', '0-6_shell.csv', '10-14_shell.csv', '14-18_shell.csv', '18-14_shell.csv', '0-6_out.csv', '18-14_out.csv', '14-0_out.csv', '14-18_out.csv', '14-6-14_out.csv', '14-6-14_shell.csv', '14-10_out.csv', '14-10_shell.csv', '14-0_shell.csv']
centre: 3
data:  0   [239.7399836  239.62880939 239.49277557 ... 246.24638778 246.19244116
 246.18789829]
centre:  0   [242.8291319  242.83058472 242.8320372  ... 245.93078041 245.93031268
 245.92984478]
dis:  [46.33937369781232]
data:  0   [239.7399836  239.62880939 239.49277557 ... 246.24638778 246.19244116
 246.18789829]
centre:  1   [226.44626711 226.44726105 226.44825364 ... 220.22076001 220.21407334
 220.2073843 ]
dis:  [46.33937369781232, 4932.984080473262]
data:  0   [239.7399836  239.62880939 239.49277557 ... 246.24638778 246.19244116
 246.18789829]
centre:  2   [244.73217261 244.73485757 244.73753946 ... 221.53955724 221.53926341
 221.53896854]
dis:  [46.33937369781232, 4932.984080473262, 2413.074246366284]
data:  1   [ 82.04434326  81.83300517  81.95229305 ... 198.67700386 198.8296825
 198.79559439]
centre:  0   [242.8291319  242.83058472 242.8320372  ... 245.93078041 245.93031268
 245.92984478]
dis:  [20465.375738861745]
data:  1   [ 82.04434326  81.83300517  81.95229305 ... 198.67700386 198.8296825
 198.79559439]
centre:  1   [226.44626711 226.44726105 226.44825364 ... 220.22076001 220.21407334
 220.2073843 ]
dis:  [20465.375738861745, 13172.952534225333]
data:  1   [ 82.04434326  81.83300517  81.95229305 ... 198.67700386 198.8296825
 198.79559439]
centre:  2   [244.73217261 244.73485757 244.73753946 ... 221.53955724 221.53926341
 221.53896854]
dis:  [20465.375738861745, 13172.952534225333, 16104.31154818078]
data:  2   [221.6974941  221.42000974 221.22167285 ... 233.1735401  232.63074503
 232.41641383]
centre:  0   [242.8291319  242.83058472 242.8320372  ... 245.93078041 245.93031268
 245.92984478]
dis:  [2548.662673855295]
data:  2   [221.6974941  221.42000974 221.22167285 ... 233.1735401  232.63074503
 232.41641383]
centre:  1   [226.44626711 226.44726105 226.44825364 ... 220.22076001 220.21407334
 220.2073843 ]
dis:  [2548.662673855295, 1767.4182593478836]
data:  2   [221.6974941  221.42000974 221.22167285 ... 233.1735401  232.63074503
 232.41641383]
centre:  2   [244.73217261 244.73485757 244.73753946 ... 221.53955724 221.53926341
 221.53896854]
dis:  [2548.662673855295, 1767.4182593478836, 1493.278971734263]
data:  3   [225.63894174 225.7378147  225.78289666 ... 234.71150468 234.34448185
 233.84283519]
centre:  0   [242.8291319  242.83058472 242.8320372  ... 245.93078041 245.93031268
 245.92984478]
dis:  [2221.018900101579]
data:  3   [225.63894174 225.7378147  225.78289666 ... 234.71150468 234.34448185
 233.84283519]
centre:  1   [226.44626711 226.44726105 226.44825364 ... 220.22076001 220.21407334
 220.2073843 ]
dis:  [2221.018900101579, 2133.608577521036]
data:  3   [225.63894174 225.7378147  225.78289666 ... 234.71150468 234.34448185
 233.84283519]
centre:  2   [244.73217261 244.73485757 244.73753946 ... 221.53955724 221.53926341
 221.53896854]
dis:  [2221.018900101579, 2133.608577521036, 1582.827049123141]
data:  4   [237.05204185 237.16483173 237.07663778 ... 228.54821582 228.23553525
 228.56539393]
centre:  0   [242.8291319  242.83058472 242.8320372  ... 245.93078041 245.93031268
 245.92984478]
dis:  [2456.383160609258]
data:  4   [237.05204185 237.16483173 237.07663778 ... 228.54821582 228.23553525
 228.56539393]
centre:  1   [226.44626711 226.44726105 226.44825364 ... 220.22076001 220.21407334
 220.2073843 ]
dis:  [2456.383160609258, 2452.3054395886043]
data:  4   [237.05204185 237.16483173 237.07663778 ... 228.54821582 228.23553525
 228.56539393]
centre:  2   [244.73217261 244.73485757 244.73753946 ... 221.53955724 221.53926341
 221.53896854]
dis:  [2456.383160609258, 2452.3054395886043, 683.186153365886]
data:  5   [ 66.89925976  66.69620522  66.71479622 ... 208.96873139 209.23734366
 209.36611929]
centre:  0   [242.8291319  242.83058472 242.8320372  ... 245.93078041 245.93031268
 245.92984478]
dis:  [16955.55975797406]
data:  5   [ 66.89925976  66.69620522  66.71479622 ... 208.96873139 209.23734366
 209.36611929]
centre:  1   [226.44626711 226.44726105 226.44825364 ... 220.22076001 220.21407334
 220.2073843 ]
dis:  [16955.55975797406, 11470.41239729157]
data:  5   [ 66.89925976  66.69620522  66.71479622 ... 208.96873139 209.23734366
 209.36611929]
centre:  2   [244.73217261 244.73485757 244.73753946 ... 221.53955724 221.53926341
 221.53896854]
dis:  [16955.55975797406, 11470.41239729157, 13734.300017952435]
data:  6   [249.04750641 248.95421841 248.89059728 ... 244.82687759 244.69189829
 245.01670609]
centre:  0   [242.8291319  242.83058472 242.8320372  ... 245.93078041 245.93031268
 245.92984478]
dis:  [320.6947294770691]
data:  6   [249.04750641 248.95421841 248.89059728 ... 244.82687759 244.69189829
 245.01670609]
centre:  1   [226.44626711 226.44726105 226.44825364 ... 220.22076001 220.21407334
 220.2073843 ]
dis:  [320.6947294770691, 5229.203239261223]
data:  6   [249.04750641 248.95421841 248.89059728 ... 244.82687759 244.69189829
 245.01670609]
centre:  2   [244.73217261 244.73485757 244.73753946 ... 221.53955724 221.53926341
 221.53896854]
dis:  [320.6947294770691, 5229.203239261223, 2201.4086915876333]
data:  7   [113.18610635 113.10857633 112.60085763 ...  79.50154374  79.38965123
  79.01263579]
centre:  0   [242.8291319  242.83058472 242.8320372  ... 245.93078041 245.93031268
 245.92984478]
dis:  [23867.394525970296]
data:  7   [113.18610635 113.10857633 112.60085763 ...  79.50154374  79.38965123
  79.01263579]
centre:  1   [226.44626711 226.44726105 226.44825364 ... 220.22076001 220.21407334
 220.2073843 ]
dis:  [23867.394525970296, 20415.45819402061]
data:  7   [113.18610635 113.10857633 112.60085763 ...  79.50154374  79.38965123
  79.01263579]
centre:  2   [244.73217261 244.73485757 244.73753946 ... 221.53955724 221.53926341
 221.53896854]
dis:  [23867.394525970296, 20415.45819402061, 17286.820298800143]
data:  8   [240.96538848 240.76398314 240.80369404 ... 246.04392692 245.81120257
 245.5127886 ]
centre:  0   [242.8291319  242.83058472 242.8320372  ... 245.93078041 245.93031268
 245.92984478]
dis:  [102.69094770698698]
data:  8   [240.96538848 240.76398314 240.80369404 ... 246.04392692 245.81120257
 245.5127886 ]
centre:  1   [226.44626711 226.44726105 226.44825364 ... 220.22076001 220.21407334
 220.2073843 ]
dis:  [102.69094770698698, 4752.118415637884]
data:  8   [240.96538848 240.76398314 240.80369404 ... 246.04392692 245.81120257
 245.5127886 ]
centre:  2   [244.73217261 244.73485757 244.73753946 ... 221.53955724 221.53926341
 221.53896854]
dis:  [102.69094770698698, 4752.118415637884, 2378.161017507352]
data:  9   [246.94815401 247.14773563 247.07112569 ... 246.7753152  246.87476678
 246.76836094]
centre:  0   [242.8291319  242.83058472 242.8320372  ... 245.93078041 245.93031268
 245.92984478]
dis:  [10954.791653401759]
data:  9   [246.94815401 247.14773563 247.07112569 ... 246.7753152  246.87476678
 246.76836094]
centre:  1   [226.44626711 226.44726105 226.44825364 ... 220.22076001 220.21407334
 220.2073843 ]
dis:  [10954.791653401759, 6376.237234237469]
data:  9   [246.94815401 247.14773563 247.07112569 ... 246.7753152  246.87476678
 246.76836094]
centre:  2   [244.73217261 244.73485757 244.73753946 ... 221.53955724 221.53926341
 221.53896854]
dis:  [10954.791653401759, 6376.237234237469, 8533.758389110119]
data:  10   [226.91378014 227.03238222 227.2034948  ... 229.80796284 229.75505419
 229.76049547]
centre:  0   [242.8291319  242.83058472 242.8320372  ... 245.93078041 245.93031268
 245.92984478]
dis:  [5494.046698637067]
data:  10   [226.91378014 227.03238222 227.2034948  ... 229.80796284 229.75505419
 229.76049547]
centre:  1   [226.44626711 226.44726105 226.44825364 ... 220.22076001 220.21407334
 220.2073843 ]
dis:  [5494.046698637067, 840.5418311096176]
data:  10   [226.91378014 227.03238222 227.2034948  ... 229.80796284 229.75505419
 229.76049547]
centre:  2   [244.73217261 244.73485757 244.73753946 ... 221.53955724 221.53926341
 221.53896854]
dis:  [5494.046698637067, 840.5418311096176, 2282.80802714994]
data:  11   [246.15884878 245.927897   245.82766978 ... 220.38616511 220.35698056
 220.27402171]
centre:  0   [242.8291319  242.83058472 242.8320372  ... 245.93078041 245.93031268
 245.92984478]
dis:  [2431.6792032504704]
data:  11   [246.15884878 245.927897   245.82766978 ... 220.38616511 220.35698056
 220.27402171]
centre:  1   [226.44626711 226.44726105 226.44825364 ... 220.22076001 220.21407334
 220.2073843 ]
dis:  [2431.6792032504704, 1775.7663898849091]
data:  11   [246.15884878 245.927897   245.82766978 ... 220.38616511 220.35698056
 220.27402171]
centre:  2   [244.73217261 244.73485757 244.73753946 ... 221.53955724 221.53926341
 221.53896854]
dis:  [2431.6792032504704, 1775.7663898849091, 67.60320739621731]
data:  12   [227.50968697 227.51144824 227.30942278 ... 219.85537587 219.78340405
 219.70366664]
centre:  0   [242.8291319  242.83058472 242.8320372  ... 245.93078041 245.93031268
 245.92984478]
dis:  [3364.518881046583]
data:  12   [227.50968697 227.51144824 227.30942278 ... 219.85537587 219.78340405
 219.70366664]
centre:  1   [226.44626711 226.44726105 226.44825364 ... 220.22076001 220.21407334
 220.2073843 ]
dis:  [3364.518881046583, 1497.8332791203952]
data:  12   [227.50968697 227.51144824 227.30942278 ... 219.85537587 219.78340405
 219.70366664]
centre:  2   [244.73217261 244.73485757 244.73753946 ... 221.53955724 221.53926341
 221.53896854]
dis:  [3364.518881046583, 1497.8332791203952, 994.1630962914303]
data:  13   [104.41629019 104.43272442 104.17704446 ... 110.25659661 110.2356446
 110.29941727]
centre:  0   [242.8291319  242.83058472 242.8320372  ... 245.93078041 245.93031268
 245.92984478]
dis:  [22003.32490400827]
data:  13   [104.41629019 104.43272442 104.17704446 ... 110.25659661 110.2356446
 110.29941727]
centre:  1   [226.44626711 226.44726105 226.44825364 ... 220.22076001 220.21407334
 220.2073843 ]
dis:  [22003.32490400827, 18549.87147262969]
data:  13   [104.41629019 104.43272442 104.17704446 ... 110.25659661 110.2356446
 110.29941727]
centre:  2   [244.73217261 244.73485757 244.73753946 ... 221.53955724 221.53926341
 221.53896854]
dis:  [22003.32490400827, 18549.87147262969, 15003.467383241707]
聚类中心为： [array([242.8291319 , 242.83058472, 242.8320372 , ..., 245.93078041,
       245.93031268, 245.92984478]), array([226.44626711, 226.44726105, 226.44825364, ..., 220.22076001,
       220.21407334, 220.2073843 ]), array([244.73217261, 244.73485757, 244.73753946, ..., 221.53955724,
       221.53926341, 221.53896854])]
分类情况为： [
  [['10-14_out'], [ '18-14_out'], ['14-18_out']], 
  [['0-6_shell'], [ '0-6_out'], ['14-6-14_out'], ['14-6-14_shell']], 
  [['10-14_shell'], ['14-18_shell'], ['18-14_shell'], ['14-0_out'], 
    ['14-10_out'], ['14-10_shell'], [ '14-0_shell']]]
